===== Job Info =====
JOB_ID=4897
HOST=rootrunner
CONDA_PREFIX=/scratch_root/wy524/miniconda3/envs/rcrl
CUDA_VISIBLE_DEVICES=0
Fri Jan  2 15:22:50 2026       
+-----------------------------------------------------------------------------------------+
| NVIDIA-SMI 570.195.03             Driver Version: 570.195.03     CUDA Version: 12.8     |
|-----------------------------------------+------------------------+----------------------+
| GPU  Name                 Persistence-M | Bus-Id          Disp.A | Volatile Uncorr. ECC |
| Fan  Temp   Perf          Pwr:Usage/Cap |           Memory-Usage | GPU-Util  Compute M. |
|                                         |                        |               MIG M. |
|=========================================+========================+======================|
|   0  NVIDIA H200                    Off |   00000000:43:00.0 Off |                    0 |
| N/A   30C    P0            129W /  700W |     651MiB / 143771MiB |      0%      Default |
|                                         |                        |             Disabled |
+-----------------------------------------+------------------------+----------------------+
                                                                                         
+-----------------------------------------------------------------------------------------+
| Processes:                                                                              |
|  GPU   GI   CI              PID   Type   Process name                        GPU Memory |
|        ID   ID                                                               Usage      |
|=========================================================================================|
|    0   N/A  N/A         1365441      C   python                                  516MiB |
+-----------------------------------------------------------------------------------------+
Python 3.10.19
ray 2.53.0
tf 2.15.1
tfp 0.23.0
protobuf 4.25.8
gpus []
====================
